{
  "version": "1.5.0",
  "plugins_used": [
    {
      "name": "ArtifactoryDetector"
    },
    {
      "name": "AWSKeyDetector"
    },
    {
      "name": "AzureStorageKeyDetector"
    },
    {
      "name": "Base64HighEntropyString",
      "limit": 4.5
    },
    {
      "name": "BasicAuthDetector"
    },
    {
      "name": "CloudantDetector"
    },
    {
      "name": "DiscordBotTokenDetector"
    },
    {
      "name": "GitHubTokenDetector"
    },
    {
      "name": "GitLabTokenDetector"
    },
    {
      "name": "HexHighEntropyString",
      "limit": 3.0
    },
    {
      "name": "IbmCloudIamDetector"
    },
    {
      "name": "IbmCosHmacDetector"
    },
    {
      "name": "IPPublicDetector"
    },
    {
      "name": "JwtTokenDetector"
    },
    {
      "name": "KeywordDetector",
      "keyword_exclude": ""
    },
    {
      "name": "MailchimpDetector"
    },
    {
      "name": "NpmDetector"
    },
    {
      "name": "OpenAIDetector"
    },
    {
      "name": "PrivateKeyDetector"
    },
    {
      "name": "PypiTokenDetector"
    },
    {
      "name": "SendGridDetector"
    },
    {
      "name": "SlackDetector"
    },
    {
      "name": "SoftlayerDetector"
    },
    {
      "name": "SquareOAuthDetector"
    },
    {
      "name": "StripeDetector"
    },
    {
      "name": "TelegramBotTokenDetector"
    },
    {
      "name": "TwilioKeyDetector"
    }
  ],
  "filters_used": [
    {
      "path": "detect_secrets.filters.allowlist.is_line_allowlisted"
    },
    {
      "path": "detect_secrets.filters.common.is_baseline_file",
      "filename": ".secrets.baseline"
    },
    {
      "path": "detect_secrets.filters.common.is_ignored_due_to_verification_policies",
      "min_level": 2
    },
    {
      "path": "detect_secrets.filters.heuristic.is_indirect_reference"
    },
    {
      "path": "detect_secrets.filters.heuristic.is_likely_id_string"
    },
    {
      "path": "detect_secrets.filters.heuristic.is_lock_file"
    },
    {
      "path": "detect_secrets.filters.heuristic.is_not_alphanumeric_string"
    },
    {
      "path": "detect_secrets.filters.heuristic.is_potential_uuid"
    },
    {
      "path": "detect_secrets.filters.heuristic.is_prefixed_with_dollar_sign"
    },
    {
      "path": "detect_secrets.filters.heuristic.is_sequential_string"
    },
    {
      "path": "detect_secrets.filters.heuristic.is_swagger_file"
    },
    {
      "path": "detect_secrets.filters.heuristic.is_templated_secret"
    }
  ],
  "results": {
    ".env.example": [
      {
        "type": "Basic Auth Credentials",
        "filename": ".env.example",
        "hashed_secret": "9d4e1e23bd5b727046a9e3b4b7db57bd8d6ee684",
        "is_verified": false,
        "line_number": 308
      }
    ],
    ".github/workflows/migration-replay.yml": [
      {
        "type": "Basic Auth Credentials",
        "filename": ".github/workflows/migration-replay.yml",
        "hashed_secret": "a2af834e65ad267df89a30dd525c7aac8451b394",
        "is_verified": false,
        "line_number": 111
      },
      {
        "type": "Secret Keyword",
        "filename": ".github/workflows/migration-replay.yml",
        "hashed_secret": "f25e7e3dd1539e107ca4c4705ebe293496c38e10",
        "is_verified": false,
        "line_number": 251
      }
    ],
    ".pre-commit-config.yaml": [
      {
        "type": "Secret Keyword",
        "filename": ".pre-commit-config.yaml",
        "hashed_secret": "2a079ff9c1fe536fc4bddb1af5b023f4d8cccf00",
        "is_verified": false,
        "line_number": 64
      }
    ],
    "Makefile": [
      {
        "type": "Basic Auth Credentials",
        "filename": "Makefile",
        "hashed_secret": "a2af834e65ad267df89a30dd525c7aac8451b394",
        "is_verified": false,
        "line_number": 127
      }
    ],
    "design-system/ui_kits/app/index.html": [
      {
        "type": "Base64 High Entropy String",
        "filename": "design-system/ui_kits/app/index.html",
        "hashed_secret": "15cec270f44d7f4f1751d3f3ba0c59de746d783e",
        "is_verified": false,
        "line_number": 34
      },
      {
        "type": "Base64 High Entropy String",
        "filename": "design-system/ui_kits/app/index.html",
        "hashed_secret": "9d4f0dbeba51b67921005512a26e5e651bedb626",
        "is_verified": false,
        "line_number": 35
      },
      {
        "type": "Base64 High Entropy String",
        "filename": "design-system/ui_kits/app/index.html",
        "hashed_secret": "eadc3f93238dda49ec69d9ffa9416a74f348d9ca",
        "is_verified": false,
        "line_number": 36
      }
    ],
    "docker-compose.dev.yml": [
      {
        "type": "Secret Keyword",
        "filename": "docker-compose.dev.yml",
        "hashed_secret": "a2af834e65ad267df89a30dd525c7aac8451b394",
        "is_verified": false,
        "line_number": 18
      }
    ],
    "docs/evidence/deploy-pipeline/machines.json": [
      {
        "type": "Hex High Entropy String",
        "filename": "docs/evidence/deploy-pipeline/machines.json",
        "hashed_secret": "acc0e676c7eebfaf61b8084be9f3d541922ab721",
        "is_verified": false,
        "line_number": 3
      },
      {
        "type": "Hex High Entropy String",
        "filename": "docs/evidence/deploy-pipeline/machines.json",
        "hashed_secret": "50d99218d524dc8119cdb69a4af92b44ec5c2690",
        "is_verified": false,
        "line_number": 12
      },
      {
        "type": "Hex High Entropy String",
        "filename": "docs/evidence/deploy-pipeline/machines.json",
        "hashed_secret": "8fb709039fa96dafb72fc02e447d7bec1444befd",
        "is_verified": false,
        "line_number": 22
      }
    ],
    "docs/evidence/pr-509/evidence.html": [
      {
        "type": "Hex High Entropy String",
        "filename": "docs/evidence/pr-509/evidence.html",
        "hashed_secret": "b70d963d5d5fbd1bff7f037e12015924ba6fc448",
        "is_verified": false,
        "line_number": 89
      }
    ],
    "docs/evidence/pr-518/evidence.html": [
      {
        "type": "Base64 High Entropy String",
        "filename": "docs/evidence/pr-518/evidence.html",
        "hashed_secret": "579f098c85af67f8004a902b29188d4d9f516e65",
        "is_verified": false,
        "line_number": 56
      },
      {
        "type": "Base64 High Entropy String",
        "filename": "docs/evidence/pr-518/evidence.html",
        "hashed_secret": "1c2001337a506790a770a0f038e37380903d3e9b",
        "is_verified": false,
        "line_number": 82
      },
      {
        "type": "Base64 High Entropy String",
        "filename": "docs/evidence/pr-518/evidence.html",
        "hashed_secret": "b7c2dcd204b898b51a18de7a0fdc582efe0279e1",
        "is_verified": false,
        "line_number": 90
      }
    ],
    "docs/evidence/pr-558/evidence.html": [
      {
        "type": "Basic Auth Credentials",
        "filename": "docs/evidence/pr-558/evidence.html",
        "hashed_secret": "a2af834e65ad267df89a30dd525c7aac8451b394",
        "is_verified": false,
        "line_number": 72
      }
    ],
    "docs/superpowers/plans/2026-04-17-postgres-compatibility.md": [
      {
        "type": "Basic Auth Credentials",
        "filename": "docs/superpowers/plans/2026-04-17-postgres-compatibility.md",
        "hashed_secret": "9d4e1e23bd5b727046a9e3b4b7db57bd8d6ee684",
        "is_verified": false,
        "line_number": 61
      },
      {
        "type": "Basic Auth Credentials",
        "filename": "docs/superpowers/plans/2026-04-17-postgres-compatibility.md",
        "hashed_secret": "5baa61e4c9b93f3f0682250b6cf8331b7ee68fd8",
        "is_verified": false,
        "line_number": 1357
      },
      {
        "type": "Basic Auth Credentials",
        "filename": "docs/superpowers/plans/2026-04-17-postgres-compatibility.md",
        "hashed_secret": "afc848c316af1a89d49826c5ae9d00ed769415f3",
        "is_verified": false,
        "line_number": 1538
      }
    ],
    "scripts/test_migration_0010.sh": [
      {
        "type": "Basic Auth Credentials",
        "filename": "scripts/test_migration_0010.sh",
        "hashed_secret": "347cd9c53ff77d41a7b22aa56c7b4efaf54658e3",
        "is_verified": false,
        "line_number": 148
      }
    ],
    "src/wikimind/config.py": [
      {
        "type": "Secret Keyword",
        "filename": "src/wikimind/config.py",
        "hashed_secret": "3bc4a7fe761cff21ea09e3d718f510f637996afb",
        "is_verified": false,
        "line_number": 732
      },
      {
        "type": "Secret Keyword",
        "filename": "src/wikimind/config.py",
        "hashed_secret": "8956265d216d474a080edaa97880d37fc1386f33",
        "is_verified": false,
        "line_number": 757
      }
    ],
    "src/wikimind/engine/providers/openai.py": [
      {
        "type": "Secret Keyword",
        "filename": "src/wikimind/engine/providers/openai.py",
        "hashed_secret": "7d3bbb5cbbc497d78ad547d8d39cbea2b3b8b69e",
        "is_verified": false,
        "line_number": 15
      }
    ],
    "src/wikimind/engine/providers/openai_compatible.py": [
      {
        "type": "Secret Keyword",
        "filename": "src/wikimind/engine/providers/openai_compatible.py",
        "hashed_secret": "c356a8a72867a70c73614c8cc7c9fdc75bbc279d",
        "is_verified": false,
        "line_number": 243
      }
    ],
    "tests/integration/test_postgres_integration.py": [
      {
        "type": "Basic Auth Credentials",
        "filename": "tests/integration/test_postgres_integration.py",
        "hashed_secret": "9d4e1e23bd5b727046a9e3b4b7db57bd8d6ee684",
        "is_verified": false,
        "line_number": 4
      }
    ],
    "tests/smoke/test_docker_smoke.py": [
      {
        "type": "Base64 High Entropy String",
        "filename": "tests/smoke/test_docker_smoke.py",
        "hashed_secret": "66fa1e465d736956a523b45d783eb038e9a3fb14",
        "is_verified": false,
        "line_number": 350
      }
    ],
    "tests/unit/test_api_keys.py": [
      {
        "type": "Secret Keyword",
        "filename": "tests/unit/test_api_keys.py",
        "hashed_secret": "1b657ee651b175468427832bfe2286843484e2ce",
        "is_verified": false,
        "line_number": 176
      },
      {
        "type": "Secret Keyword",
        "filename": "tests/unit/test_api_keys.py",
        "hashed_secret": "9cea46b39bd44a1ef9f3e71bfe9e45c24d3300f6",
        "is_verified": false,
        "line_number": 210
      }
    ],
    "tests/unit/test_billing_routes.py": [
      {
        "type": "Secret Keyword",
        "filename": "tests/unit/test_billing_routes.py",
        "hashed_secret": "fe1bae27cb7c1fb823f496f286e78f1d2ae87734",
        "is_verified": false,
        "line_number": 12
      }
    ],
    "tests/unit/test_config.py": [
      {
        "type": "Secret Keyword",
        "filename": "tests/unit/test_config.py",
        "hashed_secret": "e6dbc31dd1db7a3197c7b3c5cef52af60e4936d3",
        "is_verified": false,
        "line_number": 292
      }
    ],
    "tests/unit/test_db_compat.py": [
      {
        "type": "Basic Auth Credentials",
        "filename": "tests/unit/test_db_compat.py",
        "hashed_secret": "9d4e1e23bd5b727046a9e3b4b7db57bd8d6ee684",
        "is_verified": false,
        "line_number": 19
      }
    ],
    "tests/unit/test_llm_router.py": [
      {
        "type": "Secret Keyword",
        "filename": "tests/unit/test_llm_router.py",
        "hashed_secret": "c356a8a72867a70c73614c8cc7c9fdc75bbc279d",
        "is_verified": false,
        "line_number": 172
      },
      {
        "type": "Secret Keyword",
        "filename": "tests/unit/test_llm_router.py",
        "hashed_secret": "a62f2225bf70bfaccbc7f1ef2a397836717377de",
        "is_verified": false,
        "line_number": 184
      }
    ],
    "tests/unit/test_mcp_auth.py": [
      {
        "type": "Secret Keyword",
        "filename": "tests/unit/test_mcp_auth.py",
        "hashed_secret": "493e54566ff3d0a381d1d10754cdfabf5c3bef40",
        "is_verified": false,
        "line_number": 12
      }
    ],
    "tests/unit/test_postgres_engine.py": [
      {
        "type": "Basic Auth Credentials",
        "filename": "tests/unit/test_postgres_engine.py",
        "hashed_secret": "9d4e1e23bd5b727046a9e3b4b7db57bd8d6ee684",
        "is_verified": false,
        "line_number": 29
      }
    ],
    "tests/unit/test_price_sync.py": [
      {
        "type": "Secret Keyword",
        "filename": "tests/unit/test_price_sync.py",
        "hashed_secret": "a62f2225bf70bfaccbc7f1ef2a397836717377de",
        "is_verified": false,
        "line_number": 244
      }
    ],
    "tests/unit/test_reconciliation.py": [
      {
        "type": "Secret Keyword",
        "filename": "tests/unit/test_reconciliation.py",
        "hashed_secret": "3acfb2c2b433c0ea7ff107e33df91b18e52f960f",
        "is_verified": false,
        "line_number": 29
      }
    ],
    "tests/unit/test_user_service.py": [
      {
        "type": "Secret Keyword",
        "filename": "tests/unit/test_user_service.py",
        "hashed_secret": "85f119928df1d84571fc6128390287b4da1e982f",
        "is_verified": false,
        "line_number": 50
      },
      {
        "type": "Secret Keyword",
        "filename": "tests/unit/test_user_service.py",
        "hashed_secret": "3b15a4ea80087c146ac83727ec872e1daa0d828e",
        "is_verified": false,
        "line_number": 82
      },
      {
        "type": "Secret Keyword",
        "filename": "tests/unit/test_user_service.py",
        "hashed_secret": "e4055de792e64bf8433b9c794f2611cb65f4c487",
        "is_verified": false,
        "line_number": 99
      }
    ]
  },
  "generated_at": "2026-07-19T19:14:12Z"
}
