{
  "version": "1.5.0",
  "plugins_used": [
    {
      "name": "ArtifactoryDetector"
    },
    {
      "name": "AWSKeyDetector"
    },
    {
      "name": "AzureStorageKeyDetector"
    },
    {
      "name": "Base64HighEntropyString",
      "limit": 4.5
    },
    {
      "name": "BasicAuthDetector"
    },
    {
      "name": "CloudantDetector"
    },
    {
      "name": "DiscordBotTokenDetector"
    },
    {
      "name": "GitHubTokenDetector"
    },
    {
      "name": "GitLabTokenDetector"
    },
    {
      "name": "HexHighEntropyString",
      "limit": 3.0
    },
    {
      "name": "IbmCloudIamDetector"
    },
    {
      "name": "IbmCosHmacDetector"
    },
    {
      "name": "IPPublicDetector"
    },
    {
      "name": "JwtTokenDetector"
    },
    {
      "name": "KeywordDetector",
      "keyword_exclude": ""
    },
    {
      "name": "MailchimpDetector"
    },
    {
      "name": "NpmDetector"
    },
    {
      "name": "OpenAIDetector"
    },
    {
      "name": "PrivateKeyDetector"
    },
    {
      "name": "PypiTokenDetector"
    },
    {
      "name": "SendGridDetector"
    },
    {
      "name": "SlackDetector"
    },
    {
      "name": "SoftlayerDetector"
    },
    {
      "name": "SquareOAuthDetector"
    },
    {
      "name": "StripeDetector"
    },
    {
      "name": "TelegramBotTokenDetector"
    },
    {
      "name": "TwilioKeyDetector"
    }
  ],
  "filters_used": [
    {
      "path": "detect_secrets.filters.allowlist.is_line_allowlisted"
    },
    {
      "path": "detect_secrets.filters.common.is_baseline_file",
      "filename": ".merge_file_BEbNOc"
    },
    {
      "path": "detect_secrets.filters.common.is_ignored_due_to_verification_policies",
      "min_level": 2
    },
    {
      "path": "detect_secrets.filters.heuristic.is_indirect_reference"
    },
    {
      "path": "detect_secrets.filters.heuristic.is_likely_id_string"
    },
    {
      "path": "detect_secrets.filters.heuristic.is_lock_file"
    },
    {
      "path": "detect_secrets.filters.heuristic.is_not_alphanumeric_string"
    },
    {
      "path": "detect_secrets.filters.heuristic.is_potential_uuid"
    },
    {
      "path": "detect_secrets.filters.heuristic.is_prefixed_with_dollar_sign"
    },
    {
      "path": "detect_secrets.filters.heuristic.is_sequential_string"
    },
    {
      "path": "detect_secrets.filters.heuristic.is_swagger_file"
    },
    {
      "path": "detect_secrets.filters.heuristic.is_templated_secret"
    }
  ],
  "results": {
    ".env.example": [
      {
        "type": "Basic Auth Credentials",
        "filename": ".env.example",
        "hashed_secret": "9d4e1e23bd5b727046a9e3b4b7db57bd8d6ee684",
        "is_verified": false,
        "line_number": 273
      }
    ],
    ".github/workflows/migration-replay.yml": [
      {
        "type": "Basic Auth Credentials",
        "filename": ".github/workflows/migration-replay.yml",
        "hashed_secret": "a2af834e65ad267df89a30dd525c7aac8451b394",
        "is_verified": false,
        "line_number": 108
      },
      {
        "type": "Secret Keyword",
        "filename": ".github/workflows/migration-replay.yml",
        "hashed_secret": "f25e7e3dd1539e107ca4c4705ebe293496c38e10",
        "is_verified": false,
        "line_number": 246
      }
    ],
    ".secrets.baseline": [
      {
        "type": "Hex High Entropy String",
        "filename": ".secrets.baseline",
        "hashed_secret": "300ac668c782c666a9de0f2ccb59cea082255b5d",
        "is_verified": false,
        "line_number": 134
      },
      {
        "type": "Secret Keyword",
        "filename": ".secrets.baseline",
        "hashed_secret": "300ac668c782c666a9de0f2ccb59cea082255b5d",
        "is_verified": false,
        "line_number": 134
      },
      {
        "type": "Hex High Entropy String",
        "filename": ".secrets.baseline",
        "hashed_secret": "c332c15e76c22a7f7125d03261e4218a2005a6ba",
        "is_verified": false,
        "line_number": 143
      },
      {
        "type": "Secret Keyword",
        "filename": ".secrets.baseline",
        "hashed_secret": "c332c15e76c22a7f7125d03261e4218a2005a6ba",
        "is_verified": false,
        "line_number": 143
      },
      {
        "type": "Hex High Entropy String",
        "filename": ".secrets.baseline",
        "hashed_secret": "6116e7dbe0baf62ebaf5b48cfac17685433f6329",
        "is_verified": false,
        "line_number": 150
      },
      {
        "type": "Secret Keyword",
        "filename": ".secrets.baseline",
        "hashed_secret": "6116e7dbe0baf62ebaf5b48cfac17685433f6329",
        "is_verified": false,
        "line_number": 150
      },
      {
        "type": "Hex High Entropy String",
        "filename": ".secrets.baseline",
        "hashed_secret": "a74fc91112fd83cad3bde7a3b0d33ba0ec38a1e6",
        "is_verified": false,
        "line_number": 168
      },
      {
        "type": "Secret Keyword",
        "filename": ".secrets.baseline",
        "hashed_secret": "a74fc91112fd83cad3bde7a3b0d33ba0ec38a1e6",
        "is_verified": false,
        "line_number": 168
      },
      {
        "type": "Hex High Entropy String",
        "filename": ".secrets.baseline",
        "hashed_secret": "fdfb9a944df1fab3d6f24457abcde745ae8ed4ca",
        "is_verified": false,
        "line_number": 175
      },
      {
        "type": "Secret Keyword",
        "filename": ".secrets.baseline",
        "hashed_secret": "fdfb9a944df1fab3d6f24457abcde745ae8ed4ca",
        "is_verified": false,
        "line_number": 175
      },
      {
        "type": "Hex High Entropy String",
        "filename": ".secrets.baseline",
        "hashed_secret": "89fca188cc62ec16bbe156c5c68a9f19a8f1a70b",
        "is_verified": false,
        "line_number": 182
      },
      {
        "type": "Secret Keyword",
        "filename": ".secrets.baseline",
        "hashed_secret": "89fca188cc62ec16bbe156c5c68a9f19a8f1a70b",
        "is_verified": false,
        "line_number": 182
      },
      {
        "type": "Hex High Entropy String",
        "filename": ".secrets.baseline",
        "hashed_secret": "a87388adda751e88bdf867e02c7d123f8773ea29",
        "is_verified": false,
        "line_number": 200
      },
      {
        "type": "Secret Keyword",
        "filename": ".secrets.baseline",
        "hashed_secret": "a87388adda751e88bdf867e02c7d123f8773ea29",
        "is_verified": false,
        "line_number": 200
      },
      {
        "type": "Hex High Entropy String",
        "filename": ".secrets.baseline",
        "hashed_secret": "4361662517308d2a748756b80f393c6f493f878e",
        "is_verified": false,
        "line_number": 207
      },
      {
        "type": "Secret Keyword",
        "filename": ".secrets.baseline",
        "hashed_secret": "4361662517308d2a748756b80f393c6f493f878e",
        "is_verified": false,
        "line_number": 207
      },
      {
        "type": "Hex High Entropy String",
        "filename": ".secrets.baseline",
        "hashed_secret": "6d6ef05208124bf1476f74139b0a47dcd3b54cd3",
        "is_verified": false,
        "line_number": 214
      },
      {
        "type": "Secret Keyword",
        "filename": ".secrets.baseline",
        "hashed_secret": "6d6ef05208124bf1476f74139b0a47dcd3b54cd3",
        "is_verified": false,
        "line_number": 214
      },
      {
        "type": "Hex High Entropy String",
        "filename": ".secrets.baseline",
        "hashed_secret": "93553d1d61c3294a318487ae6b66130aa0360214",
        "is_verified": false,
        "line_number": 223
      },
      {
        "type": "Secret Keyword",
        "filename": ".secrets.baseline",
        "hashed_secret": "93553d1d61c3294a318487ae6b66130aa0360214",
        "is_verified": false,
        "line_number": 223
      },
      {
        "type": "Hex High Entropy String",
        "filename": ".secrets.baseline",
        "hashed_secret": "e3fc5d3c65ff2c5dfca86da67cee536e4ed0941d",
        "is_verified": false,
        "line_number": 232
      },
      {
        "type": "Secret Keyword",
        "filename": ".secrets.baseline",
        "hashed_secret": "e3fc5d3c65ff2c5dfca86da67cee536e4ed0941d",
        "is_verified": false,
        "line_number": 232
      },
      {
        "type": "Hex High Entropy String",
        "filename": ".secrets.baseline",
        "hashed_secret": "8b4e0a96e912f8b494d0ed37e30a0686335e28a2",
        "is_verified": false,
        "line_number": 239
      },
      {
        "type": "Secret Keyword",
        "filename": ".secrets.baseline",
        "hashed_secret": "8b4e0a96e912f8b494d0ed37e30a0686335e28a2",
        "is_verified": false,
        "line_number": 239
      },
      {
        "type": "Hex High Entropy String",
        "filename": ".secrets.baseline",
        "hashed_secret": "7eb469ff6f063674a453ff031b73397f2908082a",
        "is_verified": false,
        "line_number": 246
      },
      {
        "type": "Secret Keyword",
        "filename": ".secrets.baseline",
        "hashed_secret": "7eb469ff6f063674a453ff031b73397f2908082a",
        "is_verified": false,
        "line_number": 246
      },
      {
        "type": "Hex High Entropy String",
        "filename": ".secrets.baseline",
        "hashed_secret": "353e8061f2befecb6818ba0c034c632fb0bcae1b",
        "is_verified": false,
        "line_number": 271
      },
      {
        "type": "Secret Keyword",
        "filename": ".secrets.baseline",
        "hashed_secret": "353e8061f2befecb6818ba0c034c632fb0bcae1b",
        "is_verified": false,
        "line_number": 271
      },
      {
        "type": "Hex High Entropy String",
        "filename": ".secrets.baseline",
        "hashed_secret": "e286fb375a5f7b98d91f8180db3d887744194fce",
        "is_verified": false,
        "line_number": 278
      },
      {
        "type": "Secret Keyword",
        "filename": ".secrets.baseline",
        "hashed_secret": "e286fb375a5f7b98d91f8180db3d887744194fce",
        "is_verified": false,
        "line_number": 278
      },
      {
        "type": "Hex High Entropy String",
        "filename": ".secrets.baseline",
        "hashed_secret": "d74a819dfe9c101c9359cf94ce47186b6b709dec",
        "is_verified": false,
        "line_number": 287
      },
      {
        "type": "Secret Keyword",
        "filename": ".secrets.baseline",
        "hashed_secret": "d74a819dfe9c101c9359cf94ce47186b6b709dec",
        "is_verified": false,
        "line_number": 287
      },
      {
        "type": "Hex High Entropy String",
        "filename": ".secrets.baseline",
        "hashed_secret": "b97bf3bc32886cf237ce196071c45eb3c8a3cbf9",
        "is_verified": false,
        "line_number": 296
      },
      {
        "type": "Secret Keyword",
        "filename": ".secrets.baseline",
        "hashed_secret": "b97bf3bc32886cf237ce196071c45eb3c8a3cbf9",
        "is_verified": false,
        "line_number": 296
      },
      {
        "type": "Hex High Entropy String",
        "filename": ".secrets.baseline",
        "hashed_secret": "302dce9f3d383caf84d97322e3befda428501f0a",
        "is_verified": false,
        "line_number": 303
      },
      {
        "type": "Secret Keyword",
        "filename": ".secrets.baseline",
        "hashed_secret": "302dce9f3d383caf84d97322e3befda428501f0a",
        "is_verified": false,
        "line_number": 303
      },
      {
        "type": "Hex High Entropy String",
        "filename": ".secrets.baseline",
        "hashed_secret": "9b7bc202b1094ee930e3226a979563175fd92d2f",
        "is_verified": false,
        "line_number": 312
      },
      {
        "type": "Secret Keyword",
        "filename": ".secrets.baseline",
        "hashed_secret": "9b7bc202b1094ee930e3226a979563175fd92d2f",
        "is_verified": false,
        "line_number": 312
      },
      {
        "type": "Hex High Entropy String",
        "filename": ".secrets.baseline",
        "hashed_secret": "e3bca62bb2a4a17fde529a52a127d68f4ec37d4f",
        "is_verified": false,
        "line_number": 321
      },
      {
        "type": "Secret Keyword",
        "filename": ".secrets.baseline",
        "hashed_secret": "e3bca62bb2a4a17fde529a52a127d68f4ec37d4f",
        "is_verified": false,
        "line_number": 321
      },
      {
        "type": "Hex High Entropy String",
        "filename": ".secrets.baseline",
        "hashed_secret": "4cc44161189d7df118daa128174ff40545e208a0",
        "is_verified": false,
        "line_number": 339
      },
      {
        "type": "Secret Keyword",
        "filename": ".secrets.baseline",
        "hashed_secret": "4cc44161189d7df118daa128174ff40545e208a0",
        "is_verified": false,
        "line_number": 339
      },
      {
        "type": "Hex High Entropy String",
        "filename": ".secrets.baseline",
        "hashed_secret": "f24f929bf081df0d1c5a51c12ae11489178512d3",
        "is_verified": false,
        "line_number": 348
      },
      {
        "type": "Secret Keyword",
        "filename": ".secrets.baseline",
        "hashed_secret": "f24f929bf081df0d1c5a51c12ae11489178512d3",
        "is_verified": false,
        "line_number": 348
      },
      {
        "type": "Hex High Entropy String",
        "filename": ".secrets.baseline",
        "hashed_secret": "44dadfe55a7bf9a02a7a025958ca42ba93bb8a2d",
        "is_verified": false,
        "line_number": 355
      },
      {
        "type": "Secret Keyword",
        "filename": ".secrets.baseline",
        "hashed_secret": "44dadfe55a7bf9a02a7a025958ca42ba93bb8a2d",
        "is_verified": false,
        "line_number": 355
      },
      {
        "type": "Hex High Entropy String",
        "filename": ".secrets.baseline",
        "hashed_secret": "5a8c1d444e6c8021c015f210999479caa6467a99",
        "is_verified": false,
        "line_number": 364
      },
      {
        "type": "Secret Keyword",
        "filename": ".secrets.baseline",
        "hashed_secret": "5a8c1d444e6c8021c015f210999479caa6467a99",
        "is_verified": false,
        "line_number": 364
      },
      {
        "type": "Hex High Entropy String",
        "filename": ".secrets.baseline",
        "hashed_secret": "8d1e4f5888895e9f5df12404d016f885c42fad0b",
        "is_verified": false,
        "line_number": 389
      },
      {
        "type": "Secret Keyword",
        "filename": ".secrets.baseline",
        "hashed_secret": "8d1e4f5888895e9f5df12404d016f885c42fad0b",
        "is_verified": false,
        "line_number": 389
      },
      {
        "type": "Hex High Entropy String",
        "filename": ".secrets.baseline",
        "hashed_secret": "b88523b051593c11a9e4eda0dc1e87ae7afbd70c",
        "is_verified": false,
        "line_number": 407
      },
      {
        "type": "Secret Keyword",
        "filename": ".secrets.baseline",
        "hashed_secret": "b88523b051593c11a9e4eda0dc1e87ae7afbd70c",
        "is_verified": false,
        "line_number": 407
      },
      {
        "type": "Hex High Entropy String",
        "filename": ".secrets.baseline",
        "hashed_secret": "f7d3aeffc1aa2155af7f1eae52f5a0af45e32b35",
        "is_verified": false,
        "line_number": 416
      },
      {
        "type": "Secret Keyword",
        "filename": ".secrets.baseline",
        "hashed_secret": "f7d3aeffc1aa2155af7f1eae52f5a0af45e32b35",
        "is_verified": false,
        "line_number": 416
      },
      {
        "type": "Hex High Entropy String",
        "filename": ".secrets.baseline",
        "hashed_secret": "f923e0e1dc7e136a7a92499df32b4568961cba14",
        "is_verified": false,
        "line_number": 423
      },
      {
        "type": "Secret Keyword",
        "filename": ".secrets.baseline",
        "hashed_secret": "f923e0e1dc7e136a7a92499df32b4568961cba14",
        "is_verified": false,
        "line_number": 423
      },
      {
        "type": "Hex High Entropy String",
        "filename": ".secrets.baseline",
        "hashed_secret": "b59bde01d759357b76673424b3800e369aa527ca",
        "is_verified": false,
        "line_number": 430
      },
      {
        "type": "Secret Keyword",
        "filename": ".secrets.baseline",
        "hashed_secret": "b59bde01d759357b76673424b3800e369aa527ca",
        "is_verified": false,
        "line_number": 430
      }
    ],
    "Makefile": [
      {
        "type": "Basic Auth Credentials",
        "filename": "Makefile",
        "hashed_secret": "a2af834e65ad267df89a30dd525c7aac8451b394",
        "is_verified": false,
        "line_number": 127
      }
    ],
    "design-system/ui_kits/app/index.html": [
      {
        "type": "Base64 High Entropy String",
        "filename": "design-system/ui_kits/app/index.html",
        "hashed_secret": "15cec270f44d7f4f1751d3f3ba0c59de746d783e",
        "is_verified": false,
        "line_number": 34
      },
      {
        "type": "Base64 High Entropy String",
        "filename": "design-system/ui_kits/app/index.html",
        "hashed_secret": "9d4f0dbeba51b67921005512a26e5e651bedb626",
        "is_verified": false,
        "line_number": 35
      },
      {
        "type": "Base64 High Entropy String",
        "filename": "design-system/ui_kits/app/index.html",
        "hashed_secret": "eadc3f93238dda49ec69d9ffa9416a74f348d9ca",
        "is_verified": false,
        "line_number": 36
      }
    ],
    "docker-compose.dev.yml": [
      {
        "type": "Secret Keyword",
        "filename": "docker-compose.dev.yml",
        "hashed_secret": "a2af834e65ad267df89a30dd525c7aac8451b394",
        "is_verified": false,
        "line_number": 18
      }
    ],
    "docs/evidence/deploy-pipeline/machines.json": [
      {
        "type": "Hex High Entropy String",
        "filename": "docs/evidence/deploy-pipeline/machines.json",
        "hashed_secret": "acc0e676c7eebfaf61b8084be9f3d541922ab721",
        "is_verified": false,
        "line_number": 3
      },
      {
        "type": "Hex High Entropy String",
        "filename": "docs/evidence/deploy-pipeline/machines.json",
        "hashed_secret": "50d99218d524dc8119cdb69a4af92b44ec5c2690",
        "is_verified": false,
        "line_number": 12
      },
      {
        "type": "Hex High Entropy String",
        "filename": "docs/evidence/deploy-pipeline/machines.json",
        "hashed_secret": "8fb709039fa96dafb72fc02e447d7bec1444befd",
        "is_verified": false,
        "line_number": 22
      }
    ],
    "docs/evidence/pr-509/evidence.html": [
      {
        "type": "Hex High Entropy String",
        "filename": "docs/evidence/pr-509/evidence.html",
        "hashed_secret": "b70d963d5d5fbd1bff7f037e12015924ba6fc448",
        "is_verified": false,
        "line_number": 89
      }
    ],
    "docs/evidence/pr-518/evidence.html": [
      {
        "type": "Base64 High Entropy String",
        "filename": "docs/evidence/pr-518/evidence.html",
        "hashed_secret": "579f098c85af67f8004a902b29188d4d9f516e65",
        "is_verified": false,
        "line_number": 56
      },
      {
        "type": "Base64 High Entropy String",
        "filename": "docs/evidence/pr-518/evidence.html",
        "hashed_secret": "1c2001337a506790a770a0f038e37380903d3e9b",
        "is_verified": false,
        "line_number": 82
      },
      {
        "type": "Base64 High Entropy String",
        "filename": "docs/evidence/pr-518/evidence.html",
        "hashed_secret": "b7c2dcd204b898b51a18de7a0fdc582efe0279e1",
        "is_verified": false,
        "line_number": 90
      }
    ],
    "docs/evidence/pr-558/evidence.html": [
      {
        "type": "Basic Auth Credentials",
        "filename": "docs/evidence/pr-558/evidence.html",
        "hashed_secret": "a2af834e65ad267df89a30dd525c7aac8451b394",
        "is_verified": false,
        "line_number": 72
      }
    ],
    "docs/superpowers/plans/2026-04-17-postgres-compatibility.md": [
      {
        "type": "Basic Auth Credentials",
        "filename": "docs/superpowers/plans/2026-04-17-postgres-compatibility.md",
        "hashed_secret": "9d4e1e23bd5b727046a9e3b4b7db57bd8d6ee684",
        "is_verified": false,
        "line_number": 61
      },
      {
        "type": "Basic Auth Credentials",
        "filename": "docs/superpowers/plans/2026-04-17-postgres-compatibility.md",
        "hashed_secret": "5baa61e4c9b93f3f0682250b6cf8331b7ee68fd8",
        "is_verified": false,
        "line_number": 1357
      },
      {
        "type": "Basic Auth Credentials",
        "filename": "docs/superpowers/plans/2026-04-17-postgres-compatibility.md",
        "hashed_secret": "afc848c316af1a89d49826c5ae9d00ed769415f3",
        "is_verified": false,
        "line_number": 1538
      }
    ],
    "scripts/test_migration_0010.sh": [
      {
        "type": "Basic Auth Credentials",
        "filename": "scripts/test_migration_0010.sh",
        "hashed_secret": "347cd9c53ff77d41a7b22aa56c7b4efaf54658e3",
        "is_verified": false,
        "line_number": 148
      }
    ],
    "src/wikimind/config.py": [
      {
        "type": "Secret Keyword",
        "filename": "src/wikimind/config.py",
        "hashed_secret": "3bc4a7fe761cff21ea09e3d718f510f637996afb",
        "is_verified": false,
        "line_number": 485
      },
      {
        "type": "Secret Keyword",
        "filename": "src/wikimind/config.py",
        "hashed_secret": "8956265d216d474a080edaa97880d37fc1386f33",
        "is_verified": false,
        "line_number": 510
      }
    ],
    "src/wikimind/engine/providers/openai.py": [
      {
        "type": "Secret Keyword",
        "filename": "src/wikimind/engine/providers/openai.py",
        "hashed_secret": "7d3bbb5cbbc497d78ad547d8d39cbea2b3b8b69e",
        "is_verified": false,
        "line_number": 15
      }
    ],
    "src/wikimind/engine/providers/openai_compatible.py": [
      {
        "type": "Secret Keyword",
        "filename": "src/wikimind/engine/providers/openai_compatible.py",
        "hashed_secret": "c356a8a72867a70c73614c8cc7c9fdc75bbc279d",
        "is_verified": false,
        "line_number": 242
      }
    ],
    "tests/integration/test_postgres_integration.py": [
      {
        "type": "Basic Auth Credentials",
        "filename": "tests/integration/test_postgres_integration.py",
        "hashed_secret": "9d4e1e23bd5b727046a9e3b4b7db57bd8d6ee684",
        "is_verified": false,
        "line_number": 4
      }
    ],
    "tests/smoke/test_docker_smoke.py": [
      {
        "type": "Base64 High Entropy String",
        "filename": "tests/smoke/test_docker_smoke.py",
        "hashed_secret": "66fa1e465d736956a523b45d783eb038e9a3fb14",
        "is_verified": false,
        "line_number": 351
      }
    ],
    "tests/unit/test_api_keys.py": [
      {
        "type": "Secret Keyword",
        "filename": "tests/unit/test_api_keys.py",
        "hashed_secret": "1b657ee651b175468427832bfe2286843484e2ce",
        "is_verified": false,
        "line_number": 176
      },
      {
        "type": "Secret Keyword",
        "filename": "tests/unit/test_api_keys.py",
        "hashed_secret": "9cea46b39bd44a1ef9f3e71bfe9e45c24d3300f6",
        "is_verified": false,
        "line_number": 210
      }
    ],
    "tests/unit/test_config.py": [
      {
        "type": "Secret Keyword",
        "filename": "tests/unit/test_config.py",
        "hashed_secret": "e6dbc31dd1db7a3197c7b3c5cef52af60e4936d3",
        "is_verified": false,
        "line_number": 282
      }
    ],
    "tests/unit/test_db_compat.py": [
      {
        "type": "Basic Auth Credentials",
        "filename": "tests/unit/test_db_compat.py",
        "hashed_secret": "9d4e1e23bd5b727046a9e3b4b7db57bd8d6ee684",
        "is_verified": false,
        "line_number": 19
      }
    ],
    "tests/unit/test_llm_router.py": [
      {
        "type": "Secret Keyword",
        "filename": "tests/unit/test_llm_router.py",
        "hashed_secret": "c356a8a72867a70c73614c8cc7c9fdc75bbc279d",
        "is_verified": false,
        "line_number": 172
      },
      {
        "type": "Secret Keyword",
        "filename": "tests/unit/test_llm_router.py",
        "hashed_secret": "a62f2225bf70bfaccbc7f1ef2a397836717377de",
        "is_verified": false,
        "line_number": 184
      }
    ],
    "tests/unit/test_postgres_engine.py": [
      {
        "type": "Basic Auth Credentials",
        "filename": "tests/unit/test_postgres_engine.py",
        "hashed_secret": "9d4e1e23bd5b727046a9e3b4b7db57bd8d6ee684",
        "is_verified": false,
        "line_number": 29
      }
    ],
    "tests/unit/test_user_preference.py": [
      {
        "type": "Secret Keyword",
        "filename": "tests/unit/test_user_preference.py",
        "hashed_secret": "687faefb2094ef89b1685ebfe27a55a6c453f5f7",
        "is_verified": false,
        "line_number": 213
      }
    ],
    "tests/unit/test_user_service.py": [
      {
        "type": "Secret Keyword",
        "filename": "tests/unit/test_user_service.py",
        "hashed_secret": "85f119928df1d84571fc6128390287b4da1e982f",
        "is_verified": false,
        "line_number": 49
      },
      {
        "type": "Secret Keyword",
        "filename": "tests/unit/test_user_service.py",
        "hashed_secret": "3b15a4ea80087c146ac83727ec872e1daa0d828e",
        "is_verified": false,
        "line_number": 81
      },
      {
        "type": "Secret Keyword",
        "filename": "tests/unit/test_user_service.py",
        "hashed_secret": "e4055de792e64bf8433b9c794f2611cb65f4c487",
        "is_verified": false,
        "line_number": 98
      }
    ]
  },
  "generated_at": "2026-05-14T20:07:39Z"
}
